NAMESPACE            NAME                                             READY   STATUS      RESTARTS   AGE
ingress-nginx        pod/ingress-nginx-admission-create-spmfk         0/1     Completed   0          52m
ingress-nginx        pod/ingress-nginx-admission-patch-tfbwk          0/1     Completed   2          52m
ingress-nginx        pod/ingress-nginx-controller-54d9445ccb-d5zrt    1/1     Running     0          52m
kube-system          pod/coredns-668d6bf9bc-5pglx                     1/1     Running     0          62m
kube-system          pod/coredns-668d6bf9bc-sdqbr                     1/1     Running     0          62m
kube-system          pod/etcd-kind-control-plane                      1/1     Running     0          62m
kube-system          pod/kindnet-26876                                1/1     Running     0          62m
kube-system          pod/kindnet-2mthq                                1/1     Running     0          62m
kube-system          pod/kindnet-6f5t9                                1/1     Running     0          62m
kube-system          pod/kindnet-jlkcr                                1/1     Running     0          62m
kube-system          pod/kindnet-nltbn                                1/1     Running     0          62m
kube-system          pod/kindnet-twtt6                                1/1     Running     0          62m
kube-system          pod/kindnet-wm97k                                1/1     Running     0          62m
kube-system          pod/kube-apiserver-kind-control-plane            1/1     Running     0          62m
kube-system          pod/kube-controller-manager-kind-control-plane   1/1     Running     0          62m
kube-system          pod/kube-proxy-2jwl7                             1/1     Running     0          62m
kube-system          pod/kube-proxy-5pfdf                             1/1     Running     0          62m
kube-system          pod/kube-proxy-6vgds                             1/1     Running     0          62m
kube-system          pod/kube-proxy-8s78m                             1/1     Running     0          62m
kube-system          pod/kube-proxy-bd9jw                             1/1     Running     0          62m
kube-system          pod/kube-proxy-h5j6t                             1/1     Running     0          62m
kube-system          pod/kube-proxy-wvd82                             1/1     Running     0          62m
kube-system          pod/kube-scheduler-kind-control-plane            1/1     Running     0          62m
local-path-storage   pod/local-path-provisioner-7dc846544d-sv7gd      1/1     Running     0          62m
mysql                pod/mysql-0                                      1/1     Running     0          52m
mysql                pod/mysql-1                                      1/1     Running     0          50m

NAMESPACE       NAME                                         TYPE        CLUSTER-IP      EXTERNAL-IP   PORT(S)                      AGE
default         service/kubernetes                           ClusterIP   10.96.0.1       <none>        443/TCP                      62m
ingress-nginx   service/ingress-nginx-controller             NodePort    10.96.245.234   <none>        80:32241/TCP,443:31729/TCP   52m
ingress-nginx   service/ingress-nginx-controller-admission   ClusterIP   10.96.171.210   <none>        443/TCP                      52m
kube-system     service/kube-dns                             ClusterIP   10.96.0.10      <none>        53/UDP,53/TCP,9153/TCP       62m
mysql           service/mysql                                ClusterIP   None            <none>        3306/TCP                     52m
todoapp         service/todoapp-nodeport                     NodePort    10.96.156.139   <none>        80:30007/TCP                 52m
todoapp         service/todoapp-service                      ClusterIP   10.96.79.238    <none>        80/TCP                       52m

NAMESPACE     NAME                        DESIRED   CURRENT   READY   UP-TO-DATE   AVAILABLE   NODE SELECTOR            AGE
kube-system   daemonset.apps/kindnet      7         7         7       7            7           kubernetes.io/os=linux   62m
kube-system   daemonset.apps/kube-proxy   7         7         7       7            7           kubernetes.io/os=linux   62m

NAMESPACE            NAME                                       READY   UP-TO-DATE   AVAILABLE   AGE
ingress-nginx        deployment.apps/ingress-nginx-controller   1/1     1            1           52m
kube-system          deployment.apps/coredns                    2/2     2            2           62m
local-path-storage   deployment.apps/local-path-provisioner     1/1     1            1           62m
todoapp              deployment.apps/todoapp                    0/2     0            0           52m

NAMESPACE            NAME                                                  DESIRED   CURRENT   READY   AGE
ingress-nginx        replicaset.apps/ingress-nginx-controller-54d9445ccb   1         1         1       52m
kube-system          replicaset.apps/coredns-668d6bf9bc                    2         2         2       62m
local-path-storage   replicaset.apps/local-path-provisioner-7dc846544d     1         1         1       62m
todoapp              replicaset.apps/todoapp-5f44fcb474                    2         0         0       52m

NAMESPACE   NAME                     READY   AGE
mysql       statefulset.apps/mysql   2/2     52m

NAMESPACE   NAME                                          REFERENCE            TARGETS                                     MINPODS   MAXPODS   REPLICAS   AGE
todoapp     horizontalpodautoscaler.autoscaling/todoapp   Deployment/todoapp   cpu: <unknown>/70%, memory: <unknown>/70%   2         5         2          52m

NAMESPACE       NAME                                       STATUS     COMPLETIONS   DURATION   AGE
ingress-nginx   job.batch/ingress-nginx-admission-create   Complete   1/1           65s        52m
ingress-nginx   job.batch/ingress-nginx-admission-patch    Complete   1/1           79s        52m

NAMESPACE            NAME                                                             DATA   AGE
default              configmap/kube-root-ca.crt                                       1      62m
ingress-nginx        configmap/ingress-nginx-controller                               0      52m
ingress-nginx        configmap/kube-root-ca.crt                                       1      52m
kube-node-lease      configmap/kube-root-ca.crt                                       1      62m
kube-public          configmap/cluster-info                                           2      62m
kube-public          configmap/kube-root-ca.crt                                       1      62m
kube-system          configmap/coredns                                                1      62m
kube-system          configmap/extension-apiserver-authentication                     6      62m
kube-system          configmap/kube-apiserver-legacy-service-account-token-tracking   1      62m
kube-system          configmap/kube-proxy                                             2      62m
kube-system          configmap/kube-root-ca.crt                                       1      62m
kube-system          configmap/kubeadm-config                                         1      62m
kube-system          configmap/kubelet-config                                         1      62m
local-path-storage   configmap/kube-root-ca.crt                                       1      62m
local-path-storage   configmap/local-path-config                                      4      62m
mysql-ns             configmap/kube-root-ca.crt                                       1      52m
mysql                configmap/kube-root-ca.crt                                       1      52m
mysql                configmap/mysql                                                  1      52m
todo-ns              configmap/kube-root-ca.crt                                       1      52m
todoapp              configmap/app-config                                             1      52m
todoapp              configmap/kube-root-ca.crt                                       1      52m

NAMESPACE       NAME                             TYPE                            DATA   AGE
ingress-nginx   secret/ingress-nginx-admission   Opaque                          3      51m
kube-system     secret/bootstrap-token-abcdef    bootstrap.kubernetes.io/token   6      62m
mysql           secret/mysql-secrets             Opaque                          3      52m
todoapp         secret/app-secret                Opaque                          5      52m
